
> ecommerce-frontend@1.0.0 build
> vite build

[36mvite v5.4.21 [32mbuilding for production...[36m[39m
transforming...
[baseline-browser-mapping] The data in this module is over two months old.  To ensure accurate Baseline data, please update: `npm i baseline-browser-mapping@latest -D`
[32m✓[39m 14 modules transformed.
[31mx[39m Build failed in 2.04s
[31merror during build:
[31m[vite:esbuild] Transform failed with 1 error:
C:/Users/Admin/Downloads/Ecommerce-Website-Java-main/frontend/src/components/layout/Navbar.jsx:275:68: ERROR: Syntax error "`"[31m
file: [36mC:/Users/Admin/Downloads/Ecommerce-Website-Java-main/frontend/src/components/layout/Navbar.jsx:275:68[31m
[33m
[33mSyntax error "`"[33m
273|            <div className="bg-primary-950 text-white p-4 flex items-center gap-3">
274|              <UserIcon className="h-8 w-8 bg-white text-primary-950 rounded-full p-1" />
275|              <span className="text-xl font-bold">{isAuthenticated ? \`Hello, \${user?.firstName}\` : 'Hello, sign in'}</span>
   |                                                                      ^
276|              <button className="ml-auto" onClick={() => setIsMenuOpen(false)}>
277|                <XMarkIcon className="h-8 w-8 text-white"/>
[31m
    at failureErrorWithLog (C:\Users\Admin\Downloads\Ecommerce-Website-Java-main\frontend\node_modules\esbuild\lib\main.js:1472:15)
    at C:\Users\Admin\Downloads\Ecommerce-Website-Java-main\frontend\node_modules\esbuild\lib\main.js:755:50
    at responseCallbacks.<computed> (C:\Users\Admin\Downloads\Ecommerce-Website-Java-main\frontend\node_modules\esbuild\lib\main.js:622:9)
    at handleIncomingPacket (C:\Users\Admin\Downloads\Ecommerce-Website-Java-main\frontend\node_modules\esbuild\lib\main.js:677:12)
    at Socket.readFromStdout (C:\Users\Admin\Downloads\Ecommerce-Website-Java-main\frontend\node_modules\esbuild\lib\main.js:600:7)
    at Socket.emit (node:events:508:28)
    at addChunk (node:internal/streams/readable:563:12)
    at readableAddChunkPushByteMode (node:internal/streams/readable:514:3)
    at Readable.push (node:internal/streams/readable:394:5)
    at Pipe.onStreamRead (node:internal/stream_base_commons:189:23)[39m
