[INFO] Scanning for projects...
[INFO] 
[INFO] ------------------< com.ecommerce:ecommerce-backend >-------------------
[INFO] Building E-Commerce Backend 1.0.0
[INFO]   from pom.xml
[INFO] --------------------------------[ jar ]---------------------------------
[INFO] 
[INFO] --- resources:3.3.1:resources (default-resources) @ ecommerce-backend ---
[INFO] Copying 1 resource from src\main\resources to target\classes
[INFO] Copying 0 resource from src\main\resources to target\classes
[INFO] 
[INFO] --- compiler:3.11.0:compile (default-compile) @ ecommerce-backend ---
[INFO] Changes detected - recompiling the module! :source
[INFO] Compiling 65 source files with javac [debug release 17] to target\classes
[INFO] -------------------------------------------------------------
[ERROR] COMPILATION ERROR : 
[INFO] -------------------------------------------------------------
[ERROR] /C:/Users/Admin/Downloads/Ecommerce-Website-Java-main/backend/src/main/java/com/ecommerce/controller/AdminController.java:[80,49] cannot find symbol
  symbol:   method toggleActive(java.lang.String)
  location: variable productService of type com.ecommerce.service.ProductService
[INFO] 1 error
[INFO] -------------------------------------------------------------
[INFO] ------------------------------------------------------------------------
[INFO] BUILD FAILURE
[INFO] ------------------------------------------------------------------------
[INFO] Total time:  19.725 s
[INFO] Finished at: 2026-04-01T06:14:54+05:30
[INFO] ------------------------------------------------------------------------
[ERROR] Failed to execute goal org.apache.maven.plugins:maven-compiler-plugin:3.11.0:compile (default-compile) on project ecommerce-backend: Compilation failure
[ERROR] /C:/Users/Admin/Downloads/Ecommerce-Website-Java-main/backend/src/main/java/com/ecommerce/controller/AdminController.java:[80,49] cannot find symbol
[ERROR]   symbol:   method toggleActive(java.lang.String)
[ERROR]   location: variable productService of type com.ecommerce.service.ProductService
[ERROR] 
[ERROR] -> [Help 1]
[ERROR] 
[ERROR] To see the full stack trace of the errors, re-run Maven with the -e switch.
[ERROR] Re-run Maven using the -X switch to enable full debug logging.
[ERROR] 
[ERROR] For more information about the errors and possible solutions, please read the following articles:
[ERROR] [Help 1] http://cwiki.apache.org/confluence/display/MAVEN/MojoFailureException
